[38;5;6m INFO[0m [03:36:32] Loaded config from file: ./configs/.env
[38;5;6m INFO[0m [03:36:32] config overriden ./configs/.dev.env file not found.
[38;5;8mDEBUG[0m [03:36:32] database is disabled, as dialect is not provided.
[38;5;8mDEBUG[0m [03:36:32] redis is disabled, as redis host is not provided.
[38;5;8mDEBUG[0m [03:36:32] file store is disabled, as FILE_STORE_ROOT is not provided.
[38;5;8mDEBUG[0m [03:36:32] sqlite is disabled, as sqlite path is not provided.
[38;5;8mDEBUG[0m [03:36:32] clickhouse is disabled, as CLICKHOUSE_URL is not provided.
[38;5;8mDEBUG[0m [03:36:32] time-series is disabled, as INFLUXDB_URL is not provided.
[38;5;8mDEBUG[0m [03:36:32] opentsdb is disabled, as OPENTSDB_URL is not provided.
[38;5;8mDEBUG[0m [03:36:32] search is disabled, as SOLR_URL is not provided.
[38;5;8mDEBUG[0m [03:36:32] nosql is disabled, as CONTACT_POINTS are not provided.
[38;5;8mDEBUG[0m [03:36:32] arangodb is disabled, as ARANGO_HOST is not provided.
[38;5;8mDEBUG[0m [03:36:32] graph is disabled, as DGRAPH_URL is not provided.
[38;5;8mDEBUG[0m [03:36:32] pubsub is disabled, as pubsub mode is not provided.
[38;5;6m INFO[0m [03:36:32] container is created
[38;5;6m INFO[0m [03:36:32] start app pid 1171
[38;5;6m INFO[0m [03:36:32] auth APIKey initialized
[38;5;6m INFO[0m [03:36:32] registered static files from directory ./static
[38;5;8mDEBUG[0m [03:36:32] metrics server is initialized
[38;5;8mDEBUG[0m [03:36:32] metrics server started
[38;5;6m INFO[0m [03:36:32] Starting server on port: 8080
[38;5;6m INFO[0m [03:36:33] 83d33171bf894719ad60cbaa92ea1684	 200 0ms GET /.well-known/health
[38;5;6m INFO[0m [03:36:33] auth api key called
[38;5;6m INFO[0m [03:36:33] auth api key called
[38;5;6m INFO[0m [03:36:33] auth api key called
[38;5;6m INFO[0m [03:36:33] auth api key called
[38;5;6m INFO[0m [03:36:33] auth api key called
[38;5;6m INFO[0m [03:36:33] 614189d1d2ea4232b1982483b5638c25	 200 0ms GET /json
[38;5;6m INFO[0m [03:36:33] d3c7afdd2a2f4e769ff917d0b2802f6d	 200 0ms GET /json
[38;5;6m INFO[0m [03:36:33] c5aa75d5e23341dca9e96633a234dab7	 200 0ms GET /json
[38;5;6m INFO[0m [03:36:33] 4c3d9453a1d44fc68c8a58ff4aea5982	 200 0ms GET /json
[38;5;6m INFO[0m [03:36:33] 0e68ea11111c44f1b11f7e51a7360df5	 200 0ms GET /json
[38;5;6m INFO[0m [03:36:33] auth api key called
[38;5;6m INFO[0m [03:36:33] 6692c9e0a47a4640824500ac058960b9	 200 0ms GET /json
[38;5;6m INFO[0m [03:36:33] auth api key called
[38;5;6m INFO[0m [03:36:33] 1e13e23fb037405c8467e6484bae52ff	 200 0ms GET /json
[38;5;6m INFO[0m [03:36:33] auth api key called
[38;5;6m INFO[0m [03:36:33] auth api key called
[38;5;6m INFO[0m [03:36:33] d604cd2a083441d8a12538b794d57385	 200 0ms GET /json
[38;5;6m INFO[0m [03:36:33] 7929a3511ed84d33b1af4eb1ff9265ec	 200 0ms GET /json
[38;5;6m INFO[0m [03:36:33] auth api key called
[38;5;6m INFO[0m [03:36:33] auth api key called
[38;5;6m INFO[0m [03:36:33] 8608e3368ad74ba6a88afc3191118e5c	 200 0ms GET /json
[38;5;6m INFO[0m [03:36:33] auth api key called
[38;5;6m INFO[0m [03:36:33] 2197e7bfe89f4ab7b5d6e8168b0ff90c	 200 0ms GET /json
[38;5;6m INFO[0m [03:36:33] 2ecd86a3aeeb427e863703cb45298f4d	 200 0ms GET /json
[38;5;6m INFO[0m [03:36:33] auth api key called
[38;5;6m INFO[0m [03:36:33] auth api key called
[38;5;6m INFO[0m [03:36:33] 43c979962fad4034a8a4f7d0f89c7cf7	 200 0ms GET /json
[38;5;6m INFO[0m [03:36:33] auth api key called
... [1786478 lines of load/request noise omitted] ...
...
[38;5;6m INFO[0m [03:37:33] auth api key called
[38;5;6m INFO[0m [03:37:33] 775063da333c4d97ac71be70cc76211e	 200 0ms GET /json
[38;5;6m INFO[0m [03:37:33] 2198d5e2fdb14e37b4e05a34b7994aea	 200 0ms GET /json
[38;5;6m INFO[0m [03:37:33] ec5c0ec638ac45c39717d6f826587ad8	 200 0ms GET /json
[38;5;6m INFO[0m [03:37:33] auth api key called
[38;5;6m INFO[0m [03:37:33] auth api key called
[38;5;6m INFO[0m [03:37:33] auth api key called
[38;5;6m INFO[0m [03:37:33] auth api key called
[38;5;6m INFO[0m [03:37:33] auth api key called
[38;5;6m INFO[0m [03:37:33] 3e80178099e04b1a82bd3d6e62c9f0e6	 200 0ms GET /json
[38;5;6m INFO[0m [03:37:33] a7624a5a16294054a4514ba8983056ba	 200 0ms GET /json
[38;5;6m INFO[0m [03:37:33] 39106155f2f94303946a68ff5e0a2a57	 200 0ms GET /json
[38;5;6m INFO[0m [03:37:33] 6719dd134bba45728b6d7d01009393c0	 200 0ms GET /json
[38;5;6m INFO[0m [03:37:33] 4d2d3e1702cb41c89e379112dce7cc21	 200 0ms GET /json
[38;5;6m INFO[0m [03:37:33] auth api key called
[38;5;6m INFO[0m [03:37:33] auth api key called
[38;5;6m INFO[0m [03:37:33] auth api key called
[38;5;6m INFO[0m [03:37:33] 54bf8103f66541c5963a7a4272d33d6c	 200 0ms GET /json
[38;5;6m INFO[0m [03:37:33] 8d79c403931943c1ababcab6a8e3736d	 200 0ms GET /json
[38;5;6m INFO[0m [03:37:33] 9d663124c08142bc8230b47a483766af	 200 0ms GET /json
[38;5;6m INFO[0m [03:37:33] auth api key called
[38;5;6m INFO[0m [03:37:33] dc68a842ee794689a05e4b1871460305	 200 0ms GET /json
[38;5;6m INFO[0m [03:37:33] auth api key called
[38;5;6m INFO[0m [03:37:33] auth api key called
[38;5;6m INFO[0m [03:37:33] 2b52e16292124964adb2af1215b430a4	 200 0ms GET /json
[38;5;6m INFO[0m [03:37:33] auth api key called
[38;5;6m INFO[0m [03:37:33] 2994cd2a532643f8b254271392999a87	 200 0ms GET /json
[38;5;6m INFO[0m [03:37:33] auth api key called
[38;5;6m INFO[0m [03:37:33] b3394bd7aa04476c905aa5180591aeec	 200 0ms GET /json
[38;5;6m INFO[0m [03:37:33] 6f58b783e9fa425c96cf26c17725a917	 200 0ms GET /json
[38;5;6m INFO[0m [03:37:33] auth api key called
[38;5;6m INFO[0m [03:37:33] auth api key called
[38;5;6m INFO[0m [03:37:33] d90a43e6e1964e22980c1c9b5ff578ee	 200 0ms GET /json
[38;5;6m INFO[0m [03:37:33] auth api key called
[38;5;6m INFO[0m [03:37:33] 6878cdab3e0a418187e279f1d450bbc6	 200 0ms GET /json
[38;5;6m INFO[0m [03:37:33] 669e81b763324fca99cc2dc0fafad44d	 200 0ms GET /json
[38;5;6m INFO[0m [03:37:33] auth api key called
[38;5;6m INFO[0m [03:37:33] auth api key called
[38;5;6m INFO[0m [03:37:33] 2933673fe0c447c09a67ce278b45b6c0	 200 0ms GET /json
[38;5;6m INFO[0m [03:37:33] faa0e452da3349f99b60a8fd4c9ed798	 200 0ms GET /json
[38;5;6m INFO[0m [03:37:33] auth api key called
[38;5;6m INFO[0m [03:37:33] auth api key called
[38;5;6m INFO[0m [03:37:33] 07cebf854b324dcba356f77dc6128ecb	 200 0ms GET /json
[38;5;6m INFO[0m [03:37:33] 18723e0d12b14f07aa05e9354d0ed25e	 200 0ms GET /json
[38;5;6m INFO[0m [03:37:33] auth api key called
[38;5;6m INFO[0m [03:37:33] auth api key called
[38;5;6m INFO[0m [03:37:33] 3afea1654be6450080c627384520927f	 200 0ms GET /json
[38;5;6m INFO[0m [03:37:33] 57e478d05bde4ca2aea9745acca3108f	 200 0ms GET /json
[38;5;6m INFO[0m [03:37:33] server shutting down
received shutdown signalreceived shutdown signalreceived shutdown signal
